...........................................................................................
----------------------------------------------------------------------
Ran 91 tests

OK
