Launching VM...
Setting IOThreads...
{u'return': {}}
{u'return': {}}
Starting migration...
{u'return': {}}
