Formatting 'TEST_DIR/test.img', fmt=luks size=1048576 key-secret=keysec0 iter-time=10

{"execute": "job-dismiss", "arguments": {"id": "job0"}}
{"return": {}}
Job failed: Failed to get shared "consistent read" lock
{"execute": "job-dismiss", "arguments": {"id": "job0"}}
{"return": {}}
Job failed: Failed to get shared "consistent read" lock
{"execute": "job-dismiss", "arguments": {"id": "job0"}}
{"return": {}}
{"execute": "job-dismiss", "arguments": {"id": "job0"}}
{"return": {}}
qemu-img: Failed to get shared "consistent read" lock
Is another process using the image [TEST_DIR/test.img]?

Formatting 'TEST_DIR/test.img', fmt=luks size=1048576 key-secret=keysec0 iter-time=10

Job failed: Block node is read-only
{"execute": "job-dismiss", "arguments": {"id": "job0"}}
{"return": {}}
Job failed: Failed to get shared "consistent read" lock
{"execute": "job-dismiss", "arguments": {"id": "job0"}}
{"return": {}}
Job failed: Failed to get shared "consistent read" lock
{"execute": "job-dismiss", "arguments": {"id": "job0"}}
{"return": {}}
{"execute": "job-dismiss", "arguments": {"id": "job0"}}
{"return": {}}
..
----------------------------------------------------------------------
Ran 2 tests

OK
