QA output created by qsd-jobs
Formatting 'TEST_DIR/t.IMGFMT.base', fmt=IMGFMT size=134217728
Formatting 'TEST_DIR/t.IMGFMT', fmt=IMGFMT size=134217728 backing_file=TEST_DIR/t.IMGFMT.base backing_fmt=IMGFMT

=== Job still present at shutdown ===

QMP_VERSION
{"return": {}}
{"return": {}}
{"return": {}}
{"timestamp": {"seconds":  TIMESTAMP, "microseconds":  TIMESTAMP}, "event": "BLOCK_JOB_COMPLETED", "data": {"device": "job0", "len": 0, "offset": 0, "speed": 0, "type": "commit"}}

=== Streaming can't get permission on base node ===

QMP_VERSION
{"return": {}}
{"timestamp": {"seconds":  TIMESTAMP, "microseconds":  TIMESTAMP}, "event": "JOB_STATUS_CHANGE", "data": {"status": "created", "id": "job0"}}
{"timestamp": {"seconds":  TIMESTAMP, "microseconds":  TIMESTAMP}, "event": "JOB_STATUS_CHANGE", "data": {"status": "null", "id": "job0"}}
{"error": {"class": "GenericError", "desc": "Conflicts with use by a block device as 'root', which uses 'write' on fmt_base"}}
{"return": {}}
{"timestamp": {"seconds":  TIMESTAMP, "microseconds":  TIMESTAMP}, "event": "BLOCK_EXPORT_DELETED", "data": {"id": "export1"}}
*** done
